2026-09-17 08:03:43 +0000  Initial pipeline context: <IDEDistributionProcessingPipelineContext: 0x348b4aa50; archive(resolved)="<IDEArchive: 0x600024622220>", distributionTask(resolved)="2", distributionDestination(resolved)="1", distributionMethod(resolved)="<IDEDistributionMethodDevelopmentSigned: 0x60000ad061d0>", team(resolved)="<IDEProvisioningDisambiguatableBasicTeam: 0x600003343340; teamID='75L84BV98K', teamName='JoinU Tech Co., Ltd.', teamType='Company', username='137412204@qq.com', isFreeProvisioningTeam='0'>">
	Chain (16, self inclusive):
	<IDEDistributionProcessingPipelineContext: 0x348b4aa50; archive = "<IDEArchive: 0x600024622220>", distributionMethod="<IDEDistributionMethodDevelopmentSigned: 0x60000ad061d0>", team="<IDEProvisioningDisambiguatableBasicTeam: 0x600003343340; teamID='75L84BV98K', teamName='JoinU Tech Co., Ltd.', teamType='Company', username='137412204@qq.com', isFreeProvisioningTeam='0'>">
	<IDEDistributionProcessingPipelineContext: 0x32889b4a0; archive = "<IDEArchive: 0x600024622220>", distributionMethod="<IDEDistributionMethodDevelopmentSigned: 0x60000ad061d0>", team="<IDEProvisioningDisambiguatableBasicTeam: 0x600003343340; teamID='75L84BV98K', teamName='JoinU Tech Co., Ltd.', teamType='Company', username='137412204@qq.com', isFreeProvisioningTeam='0'>">
	<IDEDistributionContext: 0x32cc2ce50; archive = "<IDEArchive: 0x600024622220>", distributionMethod="<IDEDistributionMethodDevelopmentSigned: 0x60000ad061d0>", team="<IDEProvisioningDisambiguatableBasicTeam: 0x600003343340; teamID='75L84BV98K', teamName='JoinU Tech Co., Ltd.', teamType='Company', username='137412204@qq.com', isFreeProvisioningTeam='0'>">
	<IDEDistributionContext: 0x34428e9c0; archive = "<IDEArchive: 0x600024622220>", distributionMethod="<IDEDistributionMethodDevelopmentSigned: 0x60000ad061d0>", team="<IDEProvisioningDisambiguatableBasicTeam: 0x600003343340; teamID='75L84BV98K', teamName='JoinU Tech Co., Ltd.', teamType='Company', username='137412204@qq.com', isFreeProvisioningTeam='0'>">
	<IDEDistributionContext: 0x348b56740; archive = "<IDEArchive: 0x600024622220>", distributionMethod="<IDEDistributionMethodDevelopmentSigned: 0x60000ad061d0>", team="<IDEProvisioningDisambiguatableBasicTeam: 0x600003343340; teamID='75L84BV98K', teamName='JoinU Tech Co., Ltd.', teamType='Company', username='137412204@qq.com', isFreeProvisioningTeam='0'>">
	<IDEDistributionContext: 0x32cc4b0d0; archive = "<IDEArchive: 0x600024622220>", distributionMethod="<IDEDistributionMethodDevelopmentSigned: 0x60000ad061d0>", team="<IDEProvisioningDisambiguatableBasicTeam: 0x600003343340; teamID='75L84BV98K', teamName='JoinU Tech Co., Ltd.', teamType='Company', username='137412204@qq.com', isFreeProvisioningTeam='0'>">
	<IDEDistributionContext: 0x125d9fbe0; archive = "<IDEArchive: 0x600024622220>", distributionMethod="<IDEDistributionMethodDevelopmentSigned: 0x60000ad061d0>", team="<IDEProvisioningDisambiguatableBasicTeam: 0x600003343340; teamID='75L84BV98K', teamName='JoinU Tech Co., Ltd.', teamType='Company', username='137412204@qq.com', isFreeProvisioningTeam='0'>">
	<IDEDistributionContext: 0x125dbd2a0; archive = "<IDEArchive: 0x600024622220>", distributionMethod="<IDEDistributionMethodDevelopmentSigned: 0x60000ad061d0>", team="<IDEProvisioningDisambiguatableBasicTeam: 0x600003343340; teamID='75L84BV98K', teamName='JoinU Tech Co., Ltd.', teamType='Company', username='137412204@qq.com', isFreeProvisioningTeam='0'>">
	<IDEDistributionContext: 0x349ab7f10; archive = "<IDEArchive: 0x600024622220>", distributionMethod="<IDEDistributionMethodDevelopmentSigned: 0x60000ad061d0>", team="<IDEProvisioningDisambiguatableBasicTeam: 0x600003343340; teamID='75L84BV98K', teamName='JoinU Tech Co., Ltd.', teamType='Company', username='137412204@qq.com', isFreeProvisioningTeam='0'>">
	<IDEDistributionContext: 0x349a67510; archive = "<IDEArchive: 0x600024622220>", distributionMethod="<IDEDistributionMethodDevelopmentSigned: 0x60000ad061d0>", team="(null)">
	<IDEDistributionContext: 0x32889d240; archive = "<IDEArchive: 0x600024622220>", distributionMethod="<IDEDistributionMethodDevelopmentSigned: 0x60000ad061d0>", team="(null)">
	<IDEDistributionContext: 0x349abadd0; archive = "<IDEArchive: 0x600024622220>", distributionMethod="<IDEDistributionMethodDevelopmentSigned: 0x60000ad061d0>", team="(null)">
	<IDEDistributionContext: 0x347b55f50; archive = "<IDEArchive: 0x600024622220>", distributionMethod="<IDEDistributionMethodDevelopmentSigned: 0x60000ad061d0>", team="(null)">
	<IDEDistributionContext: 0x126a882a0; archive = "<IDEArchive: 0x600024622220>", distributionMethod="(null)", team="(null)">
	<IDEDistributionContext: 0x348b827c0; archive = "<IDEArchive: 0x600024622220>", distributionMethod="(null)", team="(null)">
	<IDEDistributionContext: 0x349acdda0; archive = "<IDEArchive: 0x600024622220>", distributionMethod="(null)", team="(null)">
</IDEDistributionProcessingPipelineContext: 0x348b4aa50>
2026-09-17 08:03:43 +0000  Processing step: IDEDistributionCreateDestRootStep
2026-09-17 08:03:43 +0000  Processing step: IDEDistributionCopyItemStep
2026-09-17 08:03:43 +0000  Running /usr/bin/ditto '-V' '/Users/moon/Library/Developer/Xcode/Archives/2026-09-17/DingClockWidget 9-17-26, 16.03.xcarchive/Products/Applications/DingClock.app' '/var/folders/wg/0jbdx6kd1n50zddqksczx8w80000gn/T/XcodeDistPipeline.~~~0hcwTI/Root/Payload/DingClock.app'
2026-09-17 08:03:43 +0000  >>> Copying /Users/moon/Library/Developer/Xcode/Archives/2026-09-17/DingClockWidget 9-17-26, 16.03.xcarchive/Products/Applications/DingClock.app 
2026-09-17 08:03:43 +0000  copying file ./_CodeSignature/CodeResources ... 
2026-09-17 08:03:43 +0000  5243 bytes for ./_CodeSignature/CodeResources
2026-09-17 08:03:43 +0000  copying file ./Metadata.appintents/version.json ... 
2026-09-17 08:03:43 +0000  52 bytes for ./Metadata.appintents/version.json
2026-09-17 08:03:43 +0000  copying file ./Metadata.appintents/extract.actionsdata ... 
2026-09-17 08:03:43 +0000  1320 bytes for ./Metadata.appintents/extract.actionsdata
2026-09-17 08:03:43 +0000  copying file ./PlugIns/DingClockWidget.appex/_CodeSignature/CodeResources ... 
2026-09-17 08:03:43 +0000  2040 bytes for ./PlugIns/DingClockWidget.appex/_CodeSignature/CodeResources
2026-09-17 08:03:43 +0000  copying file ./PlugIns/DingClockWidget.appex/DingClockWidget ... 
2026-09-17 08:03:43 +0000  113776 bytes for ./PlugIns/DingClockWidget.appex/DingClockWidget
2026-09-17 08:03:43 +0000  copying file ./PlugIns/DingClockWidget.appex/embedded.mobileprovision ... 
2026-09-17 08:03:43 +0000  29976 bytes for ./PlugIns/DingClockWidget.appex/embedded.mobileprovision
2026-09-17 08:03:43 +0000  copying file ./PlugIns/DingClockWidget.appex/Info.plist ... 
2026-09-17 08:03:43 +0000  891 bytes for ./PlugIns/DingClockWidget.appex/Info.plist
2026-09-17 08:03:43 +0000  copying file ./AppIcon60x60@2x.png ... 
2026-09-17 08:03:43 +0000  12395 bytes for ./AppIcon60x60@2x.png
2026-09-17 08:03:43 +0000  copying file ./2024.json ... 
2026-09-17 08:03:43 +0000  4506 bytes for ./2024.json
2026-09-17 08:03:43 +0000  copying file ./2025.json ... 
2026-09-17 08:03:43 +0000  4272 bytes for ./2025.json
2026-09-17 08:03:43 +0000  copying file ./Assets.car ... 
2026-09-17 08:03:43 +0000  346104 bytes for ./Assets.car
2026-09-17 08:03:43 +0000  copying file ./2026.json ... 
2026-09-17 08:03:43 +0000  4843 bytes for ./2026.json
2026-09-17 08:03:43 +0000  copying file ./AppIcon76x76@2x~ipad.png ... 
2026-09-17 08:03:43 +0000  17234 bytes for ./AppIcon76x76@2x~ipad.png
2026-09-17 08:03:43 +0000  copying file ./2027.json ... 
2026-09-17 08:03:43 +0000  236 bytes for ./2027.json
2026-09-17 08:03:43 +0000  copying file ./embedded.mobileprovision ... 
2026-09-17 08:03:43 +0000  29976 bytes for ./embedded.mobileprovision
2026-09-17 08:03:43 +0000  copying file ./DingClock ... 
2026-09-17 08:03:43 +0000  664608 bytes for ./DingClock
2026-09-17 08:03:43 +0000  copying file ./Info.plist ... 
2026-09-17 08:03:43 +0000  1477 bytes for ./Info.plist
2026-09-17 08:03:43 +0000  copying file ./PkgInfo ... 
2026-09-17 08:03:43 +0000  8 bytes for ./PkgInfo
2026-09-17 08:03:43 +0000  /usr/bin/ditto exited with 0
2026-09-17 08:03:43 +0000  Processing step: IDEDistributionEmbedProfileStep
2026-09-17 08:03:43 +0000  Processing step: IDEDistributionInfoPlistStep
2026-09-17 08:03:43 +0000  Skipping step: IDEDistributionInfoPlistStep because it said so
2026-09-17 08:03:43 +0000  Skipping step: IDEDistributionInfoPlistStep because it said so
2026-09-17 08:03:43 +0000  Processing step: IDEDistributionAppThinningPlistStep
2026-09-17 08:03:43 +0000  Skipping step: IDEDistributionAppThinningPlistStep because it said so
2026-09-17 08:03:43 +0000  Processing step: IDEDistributionSymbolsStep
2026-09-17 08:03:43 +0000  Skipping step: IDEDistributionSymbolsStep because it said so
2026-09-17 08:03:43 +0000  Processing step: IDEDistributionAppThinningStep
2026-09-17 08:03:43 +0000  Skipping step: IDEDistributionAppThinningStep because it said so
2026-09-17 08:03:43 +0000  Processing step: IDEDistributionArchThinningStep
2026-09-17 08:03:43 +0000  Archs to thin for item /Users/moon/Library/Developer/Xcode/Archives/2026-09-17/DingClockWidget 9-17-26, 16.03.xcarchive/Products/Applications/DingClock.app/PlugIns/DingClockWidget.appex are []
2026-09-17 08:03:43 +0000  Archs to thin for item /Users/moon/Library/Developer/Xcode/Archives/2026-09-17/DingClockWidget 9-17-26, 16.03.xcarchive/Products/Applications/DingClock.app are []
2026-09-17 08:03:43 +0000  Processing step: IDEDistributionODRStep
2026-09-17 08:03:43 +0000  Processing step: IDEDistributionStripXattrsStep
2026-09-17 08:03:43 +0000  Skipping stripping extended attributes because the codesign step will strip them.
2026-09-17 08:03:43 +0000  Skipping stripping extended attributes because the codesign step will strip them.
2026-09-17 08:03:43 +0000  Processing step: IDEDistributionCodesignStep
2026-09-17 08:03:43 +0000  Entitlements for <IDEDistributionItem: 0x60002ca49140; bundleID='com.moonding.dingclock.widget', path='<DVTFilePath:0x6000246215e0:'/Users/moon/Library/Developer/Xcode/Archives/2026-09-17/DingClockWidget 9-17-26, 16.03.xcarchive/Products/Applications/DingClock.app/PlugIns/DingClockWidget.appex'>', codeSigningInfo='<_DVTCodeSigningInformation_Path: 0x60002ca340c0; isSigned='1', isAdHocSigned='0', signingCertificate='<DVTSigningCertificate: 0x600019bd4300; name='Apple Development: 江涛 梁 (QXQ9T4QWP2)', hash='E5D625323B303995028CBCE87881DD5181706454', serialNumber='168CF4BC229FCDAB57B0E068137A132C', certificateKinds='(
    "1.2.840.113635.100.6.1.12",
    "1.2.840.113635.100.6.1.2"
), issueDate='2026-04-14 00:53:06 +0000''>', entitlements='{
    "application-identifier" = "75L84BV98K.com.moonding.dingclock.widget";
    "com.apple.developer.team-identifier" = 75L84BV98K;
    "get-task-allow" = 1;
}', teamID='75L84BV98K', identifier='com.moonding.dingclock.widget', executablePath='<DVTFilePath:0x6000284bc600:'/Users/moon/Library/Developer/Xcode/Archives/2026-09-17/DingClockWidget 9-17-26, 16.03.xcarchive/Products/Applications/DingClock.app/PlugIns/DingClockWidget.appex/DingClockWidget'>', hardenedRuntime='0'>'>: {
    "application-identifier" = "75L84BV98K.com.moonding.dingclock.widget";
    "com.apple.developer.team-identifier" = 75L84BV98K;
    "get-task-allow" = 1;
}
2026-09-17 08:03:43 +0000  Associated App Clip Identifiers Filter: Skipping because "com.apple.developer.associated-appclip-app-identifiers" is not present
2026-09-17 08:03:43 +0000  Entitlements for <IDEDistributionItem: 0x60002ca49140; bundleID='com.moonding.dingclock.widget', path='<DVTFilePath:0x6000246215e0:'/Users/moon/Library/Developer/Xcode/Archives/2026-09-17/DingClockWidget 9-17-26, 16.03.xcarchive/Products/Applications/DingClock.app/PlugIns/DingClockWidget.appex'>', codeSigningInfo='<_DVTCodeSigningInformation_Path: 0x60002ca340c0; isSigned='1', isAdHocSigned='0', signingCertificate='<DVTSigningCertificate: 0x600019bd4300; name='Apple Development: 江涛 梁 (QXQ9T4QWP2)', hash='E5D625323B303995028CBCE87881DD5181706454', serialNumber='168CF4BC229FCDAB57B0E068137A132C', certificateKinds='(
    "1.2.840.113635.100.6.1.12",
    "1.2.840.113635.100.6.1.2"
), issueDate='2026-04-14 00:53:06 +0000''>', entitlements='{
    "application-identifier" = "75L84BV98K.com.moonding.dingclock.widget";
    "com.apple.developer.team-identifier" = 75L84BV98K;
    "get-task-allow" = 1;
}', teamID='75L84BV98K', identifier='com.moonding.dingclock.widget', executablePath='<DVTFilePath:0x6000284bc600:'/Users/moon/Library/Developer/Xcode/Archives/2026-09-17/DingClockWidget 9-17-26, 16.03.xcarchive/Products/Applications/DingClock.app/PlugIns/DingClockWidget.appex/DingClockWidget'>', hardenedRuntime='0'>'> are: {
    "application-identifier" = "75L84BV98K.com.moonding.dingclock.widget";
    "com.apple.developer.team-identifier" = 75L84BV98K;
    "get-task-allow" = 1;
}
2026-09-17 08:03:43 +0000  Writing entitlements for <IDEDistributionItem: 0x60002ca49140; bundleID='com.moonding.dingclock.widget', path='<DVTFilePath:0x6000246215e0:'/Users/moon/Library/Developer/Xcode/Archives/2026-09-17/DingClockWidget 9-17-26, 16.03.xcarchive/Products/Applications/DingClock.app/PlugIns/DingClockWidget.appex'>', codeSigningInfo='<_DVTCodeSigningInformation_Path: 0x60002ca340c0; isSigned='1', isAdHocSigned='0', signingCertificate='<DVTSigningCertificate: 0x600015b32580; name='Apple Development: 江涛 梁 (QXQ9T4QWP2)', hash='E5D625323B303995028CBCE87881DD5181706454', serialNumber='168CF4BC229FCDAB57B0E068137A132C', certificateKinds='(
    "1.2.840.113635.100.6.1.12",
    "1.2.840.113635.100.6.1.2"
), issueDate='2026-04-14 00:53:06 +0000''>', entitlements='{
    "application-identifier" = "75L84BV98K.com.moonding.dingclock.widget";
    "com.apple.developer.team-identifier" = 75L84BV98K;
    "get-task-allow" = 1;
}', teamID='75L84BV98K', identifier='com.moonding.dingclock.widget', executablePath='<DVTFilePath:0x6000284bc600:'/Users/moon/Library/Developer/Xcode/Archives/2026-09-17/DingClockWidget 9-17-26, 16.03.xcarchive/Products/Applications/DingClock.app/PlugIns/DingClockWidget.appex/DingClockWidget'>', hardenedRuntime='0'>'> to: /var/folders/wg/0jbdx6kd1n50zddqksczx8w80000gn/T/XcodeDistPipeline.~~~0hcwTI/entitlements~~~yQc0Ni
2026-09-17 08:03:43 +0000  invoking codesign: <NSConcreteTask: 0x600020f1a8f0; launchPath='/usr/bin/codesign', arguments='(
    "-f",
    "-s",
    E5D625323B303995028CBCE87881DD5181706454,
    "--entitlements",
    "/var/folders/wg/0jbdx6kd1n50zddqksczx8w80000gn/T/XcodeDistPipeline.~~~0hcwTI/entitlements~~~yQc0Ni",
    "--preserve-metadata=identifier,flags,runtime,launch-constraints,library-constraints",
    "--generate-entitlement-der",
    "--strip-disallowed-xattrs",
    "-vvv",
    "/var/folders/wg/0jbdx6kd1n50zddqksczx8w80000gn/T/XcodeDistPipeline.~~~0hcwTI/Root/Payload/DingClock.app/PlugIns/DingClockWidget.appex"
)'>
2026-09-17 08:03:44 +0000  codesign output: /var/folders/wg/0jbdx6kd1n50zddqksczx8w80000gn/T/XcodeDistPipeline.~~~0hcwTI/Root/Payload/DingClock.app/PlugIns/DingClockWidget.appex: replacing existing signature
/var/folders/wg/0jbdx6kd1n50zddqksczx8w80000gn/T/XcodeDistPipeline.~~~0hcwTI/Root/Payload/DingClock.app/PlugIns/DingClockWidget.appex: signed bundle with Mach-O thin (arm64) [com.moonding.dingclock.widget]
2026-09-17 08:03:44 +0000  Entitlements for <IDEDistributionItem: 0x60002ca35080; bundleID='com.moonding.dingclock', path='<DVTFilePath:0x600028486b20:'/Users/moon/Library/Developer/Xcode/Archives/2026-09-17/DingClockWidget 9-17-26, 16.03.xcarchive/Products/Applications/DingClock.app'>', codeSigningInfo='<_DVTCodeSigningInformation_Path: 0x60002ca34060; isSigned='1', isAdHocSigned='0', signingCertificate='<DVTSigningCertificate: 0x600015b30300; name='Apple Development: 江涛 梁 (QXQ9T4QWP2)', hash='E5D625323B303995028CBCE87881DD5181706454', serialNumber='168CF4BC229FCDAB57B0E068137A132C', certificateKinds='(
    "1.2.840.113635.100.6.1.12",
    "1.2.840.113635.100.6.1.2"
), issueDate='2026-04-14 00:53:06 +0000''>', entitlements='{
    "application-identifier" = "75L84BV98K.com.moonding.dingclock";
    "com.apple.developer.team-identifier" = 75L84BV98K;
    "get-task-allow" = 1;
}', teamID='75L84BV98K', identifier='com.moonding.dingclock', executablePath='<DVTFilePath:0x600028487660:'/Users/moon/Library/Developer/Xcode/Archives/2026-09-17/DingClockWidget 9-17-26, 16.03.xcarchive/Products/Applications/DingClock.app/DingClock'>', hardenedRuntime='0'>'>: {
    "application-identifier" = "75L84BV98K.com.moonding.dingclock";
    "com.apple.developer.team-identifier" = 75L84BV98K;
    "get-task-allow" = 1;
}
2026-09-17 08:03:44 +0000  Associated App Clip Identifiers Filter: Skipping because "com.apple.developer.associated-appclip-app-identifiers" is not present
2026-09-17 08:03:44 +0000  Entitlements for <IDEDistributionItem: 0x60002ca35080; bundleID='com.moonding.dingclock', path='<DVTFilePath:0x600028486b20:'/Users/moon/Library/Developer/Xcode/Archives/2026-09-17/DingClockWidget 9-17-26, 16.03.xcarchive/Products/Applications/DingClock.app'>', codeSigningInfo='<_DVTCodeSigningInformation_Path: 0x60002ca34060; isSigned='1', isAdHocSigned='0', signingCertificate='<DVTSigningCertificate: 0x600015b30300; name='Apple Development: 江涛 梁 (QXQ9T4QWP2)', hash='E5D625323B303995028CBCE87881DD5181706454', serialNumber='168CF4BC229FCDAB57B0E068137A132C', certificateKinds='(
    "1.2.840.113635.100.6.1.12",
    "1.2.840.113635.100.6.1.2"
), issueDate='2026-04-14 00:53:06 +0000''>', entitlements='{
    "application-identifier" = "75L84BV98K.com.moonding.dingclock";
    "com.apple.developer.team-identifier" = 75L84BV98K;
    "get-task-allow" = 1;
}', teamID='75L84BV98K', identifier='com.moonding.dingclock', executablePath='<DVTFilePath:0x600028487660:'/Users/moon/Library/Developer/Xcode/Archives/2026-09-17/DingClockWidget 9-17-26, 16.03.xcarchive/Products/Applications/DingClock.app/DingClock'>', hardenedRuntime='0'>'> are: {
    "application-identifier" = "75L84BV98K.com.moonding.dingclock";
    "com.apple.developer.team-identifier" = 75L84BV98K;
    "get-task-allow" = 1;
}
2026-09-17 08:03:44 +0000  Writing entitlements for <IDEDistributionItem: 0x60002ca35080; bundleID='com.moonding.dingclock', path='<DVTFilePath:0x600028486b20:'/Users/moon/Library/Developer/Xcode/Archives/2026-09-17/DingClockWidget 9-17-26, 16.03.xcarchive/Products/Applications/DingClock.app'>', codeSigningInfo='<_DVTCodeSigningInformation_Path: 0x60002ca34060; isSigned='1', isAdHocSigned='0', signingCertificate='<DVTSigningCertificate: 0x600015b30300; name='Apple Development: 江涛 梁 (QXQ9T4QWP2)', hash='E5D625323B303995028CBCE87881DD5181706454', serialNumber='168CF4BC229FCDAB57B0E068137A132C', certificateKinds='(
    "1.2.840.113635.100.6.1.12",
    "1.2.840.113635.100.6.1.2"
), issueDate='2026-04-14 00:53:06 +0000''>', entitlements='{
    "application-identifier" = "75L84BV98K.com.moonding.dingclock";
    "com.apple.developer.team-identifier" = 75L84BV98K;
    "get-task-allow" = 1;
}', teamID='75L84BV98K', identifier='com.moonding.dingclock', executablePath='<DVTFilePath:0x600028487660:'/Users/moon/Library/Developer/Xcode/Archives/2026-09-17/DingClockWidget 9-17-26, 16.03.xcarchive/Products/Applications/DingClock.app/DingClock'>', hardenedRuntime='0'>'> to: /var/folders/wg/0jbdx6kd1n50zddqksczx8w80000gn/T/XcodeDistPipeline.~~~0hcwTI/entitlements~~~TTMjUX
2026-09-17 08:03:44 +0000  invoking codesign: <NSConcreteTask: 0x600020f1adf0; launchPath='/usr/bin/codesign', arguments='(
    "-f",
    "-s",
    E5D625323B303995028CBCE87881DD5181706454,
    "--entitlements",
    "/var/folders/wg/0jbdx6kd1n50zddqksczx8w80000gn/T/XcodeDistPipeline.~~~0hcwTI/entitlements~~~TTMjUX",
    "--preserve-metadata=identifier,flags,runtime,launch-constraints,library-constraints",
    "--generate-entitlement-der",
    "--strip-disallowed-xattrs",
    "-vvv",
    "/var/folders/wg/0jbdx6kd1n50zddqksczx8w80000gn/T/XcodeDistPipeline.~~~0hcwTI/Root/Payload/DingClock.app"
)'>
2026-09-17 08:03:44 +0000  codesign output: /var/folders/wg/0jbdx6kd1n50zddqksczx8w80000gn/T/XcodeDistPipeline.~~~0hcwTI/Root/Payload/DingClock.app: replacing existing signature
/var/folders/wg/0jbdx6kd1n50zddqksczx8w80000gn/T/XcodeDistPipeline.~~~0hcwTI/Root/Payload/DingClock.app: signed app bundle with Mach-O thin (arm64) [com.moonding.dingclock]
2026-09-17 08:03:44 +0000  Processing step: IDEDistributionZipODRItemStep
2026-09-17 08:03:44 +0000  Skipping step: IDEDistributionZipODRItemStep because it said so
2026-09-17 08:03:44 +0000  Skipping step: IDEDistributionZipODRItemStep because it said so
2026-09-17 08:03:44 +0000  Processing step: IDEDistributionCreateIPAStep
2026-09-17 08:03:44 +0000  Running /usr/bin/ditto '-V' '-c' '-k' '--norsrc' '/var/folders/wg/0jbdx6kd1n50zddqksczx8w80000gn/T/XcodeDistPipeline.~~~0hcwTI/Root' '/var/folders/wg/0jbdx6kd1n50zddqksczx8w80000gn/T/XcodeDistPipeline.~~~0hcwTI/Packages/DingClock.ipa'
2026-09-17 08:03:44 +0000  >>> Copying /var/folders/wg/0jbdx6kd1n50zddqksczx8w80000gn/T/XcodeDistPipeline.~~~0hcwTI/Root 
2026-09-17 08:03:44 +0000  copying file ./Payload/DingClock.app/_CodeSignature/CodeResources ... 
2026-09-17 08:03:44 +0000  5243 bytes for ./Payload/DingClock.app/_CodeSignature/CodeResources
2026-09-17 08:03:44 +0000  copying file ./Payload/DingClock.app/Metadata.appintents/version.json ... 
2026-09-17 08:03:44 +0000  52 bytes for ./Payload/DingClock.app/Metadata.appintents/version.json
2026-09-17 08:03:44 +0000  copying file ./Payload/DingClock.app/Metadata.appintents/extract.actionsdata ... 
2026-09-17 08:03:44 +0000  1320 bytes for ./Payload/DingClock.app/Metadata.appintents/extract.actionsdata
2026-09-17 08:03:44 +0000  copying file ./Payload/DingClock.app/PlugIns/DingClockWidget.appex/_CodeSignature/CodeResources ... 
2026-09-17 08:03:44 +0000  2040 bytes for ./Payload/DingClock.app/PlugIns/DingClockWidget.appex/_CodeSignature/CodeResources
2026-09-17 08:03:44 +0000  copying file ./Payload/DingClock.app/PlugIns/DingClockWidget.appex/DingClockWidget ... 
2026-09-17 08:03:44 +0000  113776 bytes for ./Payload/DingClock.app/PlugIns/DingClockWidget.appex/DingClockWidget
2026-09-17 08:03:44 +0000  copying file ./Payload/DingClock.app/PlugIns/DingClockWidget.appex/embedded.mobileprovision ... 
2026-09-17 08:03:44 +0000  29976 bytes for ./Payload/DingClock.app/PlugIns/DingClockWidget.appex/embedded.mobileprovision
2026-09-17 08:03:44 +0000  copying file ./Payload/DingClock.app/PlugIns/DingClockWidget.appex/Info.plist ... 
2026-09-17 08:03:44 +0000  891 bytes for ./Payload/DingClock.app/PlugIns/DingClockWidget.appex/Info.plist
2026-09-17 08:03:44 +0000  copying file ./Payload/DingClock.app/AppIcon60x60@2x.png ... 
2026-09-17 08:03:44 +0000  12395 bytes for ./Payload/DingClock.app/AppIcon60x60@2x.png
2026-09-17 08:03:44 +0000  copying file ./Payload/DingClock.app/2024.json ... 
2026-09-17 08:03:44 +0000  4506 bytes for ./Payload/DingClock.app/2024.json
2026-09-17 08:03:44 +0000  copying file ./Payload/DingClock.app/2025.json ... 
2026-09-17 08:03:44 +0000  4272 bytes for ./Payload/DingClock.app/2025.json
2026-09-17 08:03:44 +0000  copying file ./Payload/DingClock.app/Assets.car ... 
2026-09-17 08:03:44 +0000  346104 bytes for ./Payload/DingClock.app/Assets.car
2026-09-17 08:03:44 +0000  copying file ./Payload/DingClock.app/2026.json ... 
2026-09-17 08:03:44 +0000  4843 bytes for ./Payload/DingClock.app/2026.json
2026-09-17 08:03:44 +0000  copying file ./Payload/DingClock.app/AppIcon76x76@2x~ipad.png ... 
2026-09-17 08:03:44 +0000  17234 bytes for ./Payload/DingClock.app/AppIcon76x76@2x~ipad.png
2026-09-17 08:03:44 +0000  copying file ./Payload/DingClock.app/2027.json ... 
2026-09-17 08:03:44 +0000  236 bytes for ./Payload/DingClock.app/2027.json
2026-09-17 08:03:44 +0000  copying file ./Payload/DingClock.app/embedded.mobileprovision ... 
2026-09-17 08:03:44 +0000  29976 bytes for ./Payload/DingClock.app/embedded.mobileprovision
2026-09-17 08:03:44 +0000  copying file ./Payload/DingClock.app/DingClock ... 
2026-09-17 08:03:44 +0000  664608 bytes for ./Payload/DingClock.app/DingClock
2026-09-17 08:03:44 +0000  copying file ./Payload/DingClock.app/Info.plist ... 
2026-09-17 08:03:44 +0000  1477 bytes for ./Payload/DingClock.app/Info.plist
copying file ./Payload/DingClock.app/PkgInfo ... 
2026-09-17 08:03:44 +0000  8 bytes for ./Payload/DingClock.app/PkgInfo
2026-09-17 08:03:44 +0000  /usr/bin/ditto exited with 0
2026-09-17 08:03:44 +0000  Processing step: IDEDistributionAppStoreInformationStep
2026-09-17 08:03:44 +0000  Skipping step: IDEDistributionAppStoreInformationStep because it said so
2026-09-17 08:03:44 +0000  Processing step: IDEDistributionGenerateProcessedDistributionItems
2026-09-17 08:03:44 +0000  IDEDistributionItem init <DVTFilePath:0x600024638e00:'/var/folders/wg/0jbdx6kd1n50zddqksczx8w80000gn/T/XcodeDistPipeline.~~~0hcwTI/Root/Payload/DingClock.app/PlugIns/DingClockWidget.appex'>
2026-09-17 08:03:44 +0000  IDEDistributionItem init <DVTFilePath:0x60002ca58360:'/var/folders/wg/0jbdx6kd1n50zddqksczx8w80000gn/T/XcodeDistPipeline.~~~0hcwTI/Root/Payload/DingClock.app'>
2026-09-17 08:03:44 +0000  Processing step: IDEDistributionCreateManifestStep
